--------------------------------------------------------------------------
By default, for Open MPI 4.0 and later, infiniband ports on a device
are not used by default.  The intent is to use UCX for these devices.
You can override this policy by setting the btl_openib_allow_ib MCA parameter
to true.

  Local host:              n012
  Local adapter:           mlx4_0
  Local port:              1

--------------------------------------------------------------------------
--------------------------------------------------------------------------
WARNING: There was an error initializing an OpenFabrics device.

  Local host:   n012
  Local device: mlx4_0
--------------------------------------------------------------------------
# OSU MPI Bandwidth Test v5.8
# Size      Bandwidth (MB/s)
1                       7.76
2                      15.79
4                      31.57
8                      62.95
16                    122.87
32                    244.90
64                    371.58
128                   540.80
256                   875.27
512                  1883.81
1024                 3532.89
2048                 5658.58
4096                 2982.43
8192                 4634.61
16384                5898.00
32768                7706.70
65536                9062.00
131072               9600.44
262144               8679.61
524288               8229.22
1048576              8714.25
2097152              8606.45
4194304              7898.66
[n012.intern.lcc3.intra.uibk.ac.at:3649901] 1 more process has sent help message help-mpi-btl-openib.txt / ib port not selected
[n012.intern.lcc3.intra.uibk.ac.at:3649901] Set MCA parameter "orte_base_help_aggregate" to 0 to see all help / error messages
[n012.intern.lcc3.intra.uibk.ac.at:3649901] 1 more process has sent help message help-mpi-btl-openib.txt / error in device init
--------------------------------------------------------------------------
By default, for Open MPI 4.0 and later, infiniband ports on a device
are not used by default.  The intent is to use UCX for these devices.
You can override this policy by setting the btl_openib_allow_ib MCA parameter
to true.

  Local host:              n012
  Local adapter:           mlx4_0
  Local port:              1

--------------------------------------------------------------------------
--------------------------------------------------------------------------
WARNING: There was an error initializing an OpenFabrics device.

  Local host:   n012
  Local device: mlx4_0
--------------------------------------------------------------------------
# OSU MPI Latency Test v5.8
# Size          Latency (us)
0                       0.21
1                       0.25
2                       0.25
4                       0.25
8                       0.25
16                      0.25
32                      0.26
64                      0.28
128                     0.32
256                     0.37
512                     0.48
1024                    0.51
2048                    0.77
4096                    2.02
8192                    2.38
16384                   3.44
32768                   4.95
65536                   8.33
131072                 16.09
262144                 34.75
524288                 66.48
1048576               128.21
2097152               286.40
4194304               978.11
[n012.intern.lcc3.intra.uibk.ac.at:3649929] 1 more process has sent help message help-mpi-btl-openib.txt / ib port not selected
[n012.intern.lcc3.intra.uibk.ac.at:3649929] Set MCA parameter "orte_base_help_aggregate" to 0 to see all help / error messages
[n012.intern.lcc3.intra.uibk.ac.at:3649929] 1 more process has sent help message help-mpi-btl-openib.txt / error in device init
